// Jest Snapshot v1, https://goo.gl/fbAQLP

exports[`Overlay renders correctly 1`] = `
<Modal
  animationType="none"
  hardwareAccelerated={false}
  transparent={true}
  visible={true}
>
  <View
    accessible={true}
    focusable={false}
    onClick={[Function]}
    onResponderGrant={[Function]}
    onResponderMove={[Function]}
    onResponderRelease={[Function]}
    onResponderTerminate={[Function]}
    onResponderTerminationRequest={[Function]}
    onStartShouldSetResponder={[Function]}
    style={
      Array [
        Object {
          "position": "absolute",
        },
        Object {
          "bottom": 0,
          "left": 0,
          "right": 0,
          "top": 0,
        },
        Object {
          "backgroundColor": "rgba(0,0,0,0)",
        },
      ]
    }
  />
  <View
    style={
      Array [
        Object {
          "flex": 1,
        },
        Object {
          "margin": 48,
        },
      ]
    }
  >
    <Text>
      test
    </Text>
  </View>
</Modal>
`;
