// Jest Snapshot v1, https://goo.gl/fbAQLP

exports[`authContext renders correctly 1`] = `
<Text>
  Test
</Text>
`;
