// Jest Snapshot v1, https://goo.gl/fbAQLP

exports[`AuthContext can be consumed 1`] = `<Text />`;

exports[`AuthContext can be consumed 2`] = `
<Text>
  uid
</Text>
`;
