// Jest Snapshot v1, https://goo.gl/fbAQLP

exports[`GetUserEmailScreen renders correctly 1`] = `
<RCTScrollView
  automaticallyAdjustContentInsets={false}
  contentContainerStyle={
    Array [
      Object {
        "flex": 1,
      },
      Object {
        "marginTop": 24,
      },
      Object {
        "marginBottom": 12,
      },
      Object {
        "marginHorizontal": 20,
      },
    ]
  }
  contentInset={
    Object {
      "bottom": 0,
    }
  }
  enableAutomaticScroll={true}
  enableOnAndroid={true}
  enableResetScrollToCoords={true}
  extraHeight={75}
  extraScrollHeight={0}
  getScrollResponder={[Function]}
  handleOnScroll={[Function]}
  keyboardDismissMode="interactive"
  keyboardOpeningTime={250}
  keyboardSpace={0}
  onScroll={[Function]}
  resetKeyboardSpace={[Function]}
  scrollEventThrottle={1}
  scrollForExtraHeightOnAndroid={[Function]}
  scrollIntoView={[Function]}
  scrollToEnd={[Function]}
  scrollToFocusedInput={[Function]}
  scrollToPosition={[Function]}
  showsVerticalScrollIndicator={true}
  update={[Function]}
  viewIsInsideTabBar={false}
>
  <View>
    <Text
      style={
        Array [
          Object {
            "fontSize": 24,
          },
          Object {
            "marginBottom": 24,
          },
          Object {
            "textAlign": "center",
          },
        ]
      }
    >
      Help us improve!
    </Text>
    <Text
      style={
        Array [
          Object {
            "fontSize": 16,
          },
          Object {
            "marginBottom": 16,
          },
        ]
      }
    >
      Hi there, thanks for using Symbio! We want to make it better, so weâ€™re seeking your help to find out what you need. Will you be willing to take part in a short customer interview? Let us know by entering your email below so we can contact you. ðŸ™‚
    </Text>
    <Text
      style={
        Array [
          Object {
            "fontSize": 16,
          },
          Object {
            "marginBottom": 12,
          },
        ]
      }
    >
      Your email
    </Text>
    <View
      style={
        Array [
          Object {
            "flex": 1,
          },
        ]
      }
    >
      <TextInput
        allowFontScaling={true}
        autoFocus={true}
        keyboardType="email-address"
        onChangeText={[Function]}
        onSubmitEditing={[Function]}
        rejectResponderTermination={true}
        returnKeyType="send"
        style={
          Array [
            Object {
              "borderWidth": 1,
            },
            Object {
              "borderColor": "#a0aec0",
            },
            Object {
              "height": 48,
            },
            Object {
              "borderRadius": 8,
            },
            Object {
              "padding": 12,
            },
            Object {
              "color": "#000",
            },
          ]
        }
        underlineColorAndroid="transparent"
        value=""
      />
    </View>
    <View
      style={
        Array [
          Object {
            "flexDirection": "row",
          },
          Object {
            "justifyContent": "space-evenly",
          },
          Object {
            "position": "absolute",
          },
          Object {
            "bottom": 0,
          },
          Object {
            "width": "100%",
          },
          Object {
            "alignItems": "center",
          },
        ]
      }
    >
      <View
        accessible={true}
        focusable={true}
        isTVSelectable={true}
        onClick={[Function]}
        onResponderGrant={[Function]}
        onResponderMove={[Function]}
        onResponderRelease={[Function]}
        onResponderTerminate={[Function]}
        onResponderTerminationRequest={[Function]}
        onStartShouldSetResponder={[Function]}
        style={
          Object {
            "opacity": 1,
          }
        }
      >
        <View
          style={
            Array [
              Object {
                "padding": 8,
              },
              Object {
                "backgroundColor": "#fff",
              },
              Object {
                "borderRadius": 8,
              },
            ]
          }
        >
          <View
            style={
              Array [
                Object {
                  "backgroundColor": "#fff",
                },
                Object {
                  "borderWidth": 2,
                },
                Object {
                  "borderColor": "#B35340",
                },
                Object {
                  "alignItems": "center",
                },
                Object {
                  "justifyContent": "center",
                },
                Object {
                  "width": 48,
                },
                Object {
                  "height": 48,
                },
                Object {
                  "borderRadius": 9999,
                },
              ]
            }
          >
            <View
              style={
                Array [
                  Object {
                    "width": 20,
                  },
                  Object {
                    "height": 20,
                  },
                ]
              }
            >
              <SvgMock
                height="100%"
                width="100%"
              />
            </View>
          </View>
          <View>
            <Text
              style={
                Array [
                  Object {
                    "textAlign": "center",
                  },
                  Object {
                    "fontSize": 16,
                  },
                  Object {
                    "color": "#B35340",
                  },
                  Object {
                    "fontWeight": "bold",
                  },
                ]
              }
            >
              close
            </Text>
          </View>
        </View>
      </View>
      <View
        accessible={true}
        focusable={true}
        isTVSelectable={true}
        onClick={[Function]}
        onResponderGrant={[Function]}
        onResponderMove={[Function]}
        onResponderRelease={[Function]}
        onResponderTerminate={[Function]}
        onResponderTerminationRequest={[Function]}
        onStartShouldSetResponder={[Function]}
        style={
          Object {
            "opacity": 1,
          }
        }
      >
        <View
          style={
            Array [
              Object {
                "padding": 8,
              },
              Object {
                "backgroundColor": "#fff",
              },
              Object {
                "borderRadius": 8,
              },
            ]
          }
        >
          <View
            style={
              Array [
                Object {
                  "backgroundColor": "#B35340",
                },
                Object {
                  "alignItems": "center",
                },
                Object {
                  "justifyContent": "center",
                },
                Object {
                  "width": 48,
                },
                Object {
                  "height": 48,
                },
                Object {
                  "borderRadius": 9999,
                },
              ]
            }
          >
            <View
              style={
                Array [
                  Object {
                    "width": 20,
                  },
                  Object {
                    "height": 20,
                  },
                ]
              }
            >
              <SvgMock
                height="100%"
                width="100%"
              />
            </View>
          </View>
          <View>
            <Text
              style={
                Array [
                  Object {
                    "textAlign": "center",
                  },
                  Object {
                    "fontSize": 16,
                  },
                  Object {
                    "color": "#B35340",
                  },
                  Object {
                    "fontWeight": "bold",
                  },
                ]
              }
            >
              send
            </Text>
          </View>
        </View>
      </View>
    </View>
  </View>
</RCTScrollView>
`;
