// Jest Snapshot v1, https://goo.gl/fbAQLP

exports[`Button renders correctly 1`] = `
<View
  accessible={true}
  focusable={true}
  isTVSelectable={true}
  onClick={[Function]}
  onResponderGrant={[Function]}
  onResponderMove={[Function]}
  onResponderRelease={[Function]}
  onResponderTerminate={[Function]}
  onResponderTerminationRequest={[Function]}
  onStartShouldSetResponder={[Function]}
  style={
    Object {
      "backgroundColor": "#48bb78",
      "borderRadius": 4,
      "display": "flex",
      "justifyContent": "center",
      "opacity": 1,
      "padding": 16,
      "textAlignVertical": "center",
    }
  }
>
  <Text
    style={
      Array [
        Object {
          "textAlign": "center",
        },
        Object {
          "fontSize": 24,
        },
        Object {
          "color": "#fff",
        },
      ]
    }
  />
</View>
`;
