// Jest Snapshot v1, https://goo.gl/fbAQLP

exports[`ProductCardContainer renders correctly 1`] = `
<ActivityIndicator
  animating={true}
  color="#00ff00"
  hidesWhenStopped={true}
  size="large"
/>
`;
