// Jest Snapshot v1, https://goo.gl/fbAQLP

exports[`createProductViewContainer renders correctly 1`] = `
<View
  style={
    Array [
      Object {
        "flex": 1,
      },
      Object {
        "justifyContent": "center",
      },
    ]
  }
>
  <ActivityIndicator
    animating={true}
    color="#48bb78"
    hidesWhenStopped={true}
    size="large"
  />
</View>
`;
