// Jest Snapshot v1, https://goo.gl/fbAQLP

exports[`ProductView renders correctly 1`] = `
<RCTScrollView
  style={
    Array [
      Object {
        "backgroundColor": "#fff",
      },
      Object {
        "flex": 1,
      },
    ]
  }
>
  <View>
    <Image
      resizeMode="contain"
      source={
        Object {
          "uri": undefined,
        }
      }
      style={
        Array [
          Object {
            "height": 224,
          },
          Object {
            "backgroundColor": "#edf2f7",
          },
        ]
      }
    />
    <Text
      style={
        Array [
          Object {
            "fontSize": 18,
          },
          Object {
            "textAlign": "center",
          },
        ]
      }
    />
    <Text />
    <Text />
    <Text />
    <Text />
  </View>
</RCTScrollView>
`;
