// Jest Snapshot v1, https://goo.gl/fbAQLP

exports[`ScanBarcodeView renders correctly 1`] = `
<View
  style={
    Array [
      Object {
        "flex": 1,
      },
    ]
  }
>
  <BarcodePicker
    onBarcodeFrameAvailable={[Function]}
    onChangeTrackedCodes={[Function]}
    onPropertyChanged={[Function]}
    onRecognizeNewCodes={[Function]}
    onScan={[Function]}
    onSettingsApplied={[Function]}
    onTextRecognized={[Function]}
    onWarnings={[Function]}
    scanSettings={
      ScanSettings {
        "symbologies": Object {
          "code128": SymbologySettings {
            "checksums": Array [],
            "enabled": true,
            "extensions": Array [],
          },
          "code39": SymbologySettings {
            "activeSymbolCounts": Array [
              7,
              8,
              9,
              10,
              11,
              12,
              13,
              14,
              15,
              16,
              17,
              18,
              19,
              20,
            ],
            "checksums": Array [],
            "enabled": true,
            "extensions": Array [],
          },
          "data-matrix": SymbologySettings {
            "checksums": Array [],
            "enabled": true,
            "extensions": Array [],
          },
          "ean13": SymbologySettings {
            "checksums": Array [],
            "enabled": true,
            "extensions": Array [],
          },
          "ean8": SymbologySettings {
            "checksums": Array [],
            "enabled": true,
            "extensions": Array [],
          },
          "itf": SymbologySettings {
            "checksums": Array [],
            "enabled": true,
            "extensions": Array [],
          },
          "qr": SymbologySettings {
            "checksums": Array [],
            "enabled": true,
            "extensions": Array [],
          },
          "upca": SymbologySettings {
            "checksums": Array [],
            "enabled": true,
            "extensions": Array [],
          },
          "upce": SymbologySettings {
            "checksums": Array [],
            "enabled": true,
            "extensions": Array [],
          },
        },
      }
    }
    style={
      Array [
        Object {
          "flex": 1,
        },
      ]
    }
  />
  <View
    style={
      Array [
        Object {
          "position": "absolute",
        },
        Object {
          "top": 0,
        },
        Object {
          "width": "100%",
        },
        Object {
          "height": 64,
        },
        Object {
          "justifyContent": "center",
        },
        Object {
          "backgroundColor": "#B35340",
        },
      ]
    }
  >
    <Text
      style={
        Array [
          Object {
            "color": "#fff",
          },
          Object {
            "textAlign": "center",
          },
          Object {
            "fontWeight": "bold",
          },
          Object {
            "fontSize": 30,
          },
        ]
      }
    >
      Scan barcode
    </Text>
  </View>
  <View
    style={
      Array [
        Object {
          "position": "absolute",
        },
        Object {
          "bottom": 0,
        },
        Object {
          "width": "100%",
        },
        Object {
          "flexDirection": "row",
        },
        Object {
          "justifyContent": "space-evenly",
        },
        Object {
          "marginBottom": 24,
        },
      ]
    }
  >
    <View
      accessible={true}
      focusable={true}
      isTVSelectable={true}
      onClick={[Function]}
      onResponderGrant={[Function]}
      onResponderMove={[Function]}
      onResponderRelease={[Function]}
      onResponderTerminate={[Function]}
      onResponderTerminationRequest={[Function]}
      onStartShouldSetResponder={[Function]}
      style={
        Object {
          "opacity": 1,
        }
      }
    >
      <View
        style={
          Array [
            Object {
              "backgroundColor": "#fff",
            },
            Object {
              "borderWidth": 2,
            },
            Object {
              "borderColor": "#B35340",
            },
            Object {
              "width": 96,
            },
            Object {
              "height": 96,
            },
            Object {
              "borderRadius": 9999,
            },
            Object {
              "flexDirection": "column",
            },
            Object {
              "alignItems": "center",
            },
            Object {
              "justifyContent": "center",
            },
          ]
        }
      >
        <View
          style={
            Array [
              Object {
                "width": 24,
              },
              Object {
                "height": 24,
              },
              Object {
                "marginBottom": 8,
              },
            ]
          }
        >
          <SvgMock
            height="100%"
            width="100%"
          />
        </View>
        <View>
          <Text
            style={
              Array [
                Object {
                  "textAlign": "center",
                },
                Object {
                  "fontSize": 16,
                },
                Object {
                  "fontWeight": "bold",
                },
                Object {
                  "color": "#B35340",
                },
              ]
            }
          >
            flashlight
          </Text>
        </View>
      </View>
    </View>
    <View
      accessible={true}
      focusable={true}
      isTVSelectable={true}
      onClick={[Function]}
      onResponderGrant={[Function]}
      onResponderMove={[Function]}
      onResponderRelease={[Function]}
      onResponderTerminate={[Function]}
      onResponderTerminationRequest={[Function]}
      onStartShouldSetResponder={[Function]}
      style={
        Object {
          "opacity": 1,
        }
      }
    >
      <View
        style={
          Array [
            Object {
              "backgroundColor": "#B35340",
            },
            Object {
              "width": 96,
            },
            Object {
              "height": 96,
            },
            Object {
              "borderRadius": 9999,
            },
            Object {
              "flexDirection": "column",
            },
            Object {
              "alignItems": "center",
            },
            Object {
              "justifyContent": "center",
            },
          ]
        }
      >
        <View
          style={
            Array [
              Object {
                "width": 24,
              },
              Object {
                "height": 24,
              },
              Object {
                "marginBottom": 8,
              },
            ]
          }
        >
          <SvgMock
            height="100%"
            width="100%"
          />
        </View>
        <View>
          <Text
            style={
              Array [
                Object {
                  "textAlign": "center",
                },
                Object {
                  "fontSize": 16,
                },
                Object {
                  "fontWeight": "bold",
                },
                Object {
                  "color": "#fff",
                },
              ]
            }
          >
            history
          </Text>
        </View>
      </View>
    </View>
  </View>
</View>
`;
