// Jest Snapshot v1, https://goo.gl/fbAQLP

exports[`SetupPrinciplesView renders correctly 1`] = `
<View
  style={
    Array [
      Object {
        "margin": 20,
      },
    ]
  }
>
  <RCTScrollView>
    <View>
      <View>
        <Text
          style={
            Array [
              Object {
                "fontSize": 36,
              },
              Object {
                "fontWeight": "bold",
              },
              Object {
                "marginVertical": 16,
              },
            ]
          }
        >
          ðŸ‘‹Hey There
        </Text>
        <Text
          style={
            Array [
              Object {
                "marginVertical": 16,
              },
            ]
          }
        >
          <Text
            style={
              Array [
                Object {
                  "fontWeight": "bold",
                },
              ]
            }
          >
            Should I Buy
          </Text>
           lets you understand if the products you find in the supermarket fit your values.
        </Text>
        <Text
          style={
            Array [
              Object {
                "fontWeight": "bold",
              },
            ]
          }
        >
          What is important to you?
        </Text>
        <View
          style={
            Array [
              Object {
                "flexDirection": "row",
              },
              Object {
                "flexWrap": "wrap",
              },
              Object {
                "marginVertical": 16,
              },
            ]
          }
        />
      </View>
      <View
        style={
          Array [
            Object {
              "height": 96,
            },
          ]
        }
      />
    </View>
  </RCTScrollView>
  <View
    style={
      Array [
        Object {
          "position": "absolute",
        },
        Object {
          "bottom": 0,
        },
        Object {
          "width": "100%",
        },
        Object {
          "backgroundColor": "#fff",
        },
      ]
    }
  >
    <View
      accessible={true}
      focusable={true}
      isTVSelectable={true}
      onClick={[Function]}
      onResponderGrant={[Function]}
      onResponderMove={[Function]}
      onResponderRelease={[Function]}
      onResponderTerminate={[Function]}
      onResponderTerminationRequest={[Function]}
      onStartShouldSetResponder={[Function]}
      style={
        Object {
          "alignItems": "center",
          "backgroundColor": "#B35340",
          "borderRadius": 4,
          "display": "flex",
          "flexDirection": "row",
          "justifyContent": "center",
          "opacity": 1,
          "padding": 16,
        }
      }
    >
      <Text
        style={
          Array [
            Object {
              "textAlign": "center",
            },
            Object {
              "fontSize": 24,
            },
            Object {
              "color": "#fff",
            },
            Array [
              Object {
                "color": "#fff",
              },
            ],
          ]
        }
      >
        Get Started
      </Text>
    </View>
  </View>
</View>
`;
