// Jest Snapshot v1, https://goo.gl/fbAQLP

exports[`TimeoutView renders correctly 1`] = `
<View
  style={
    Array [
      Object {
        "flex": 1,
      },
      Object {
        "justifyContent": "center",
      },
      Object {
        "textAlignVertical": "center",
      },
      Object {
        "padding": 32,
      },
    ]
  }
>
  <Text
    style={
      Array [
        Object {
          "marginBottom": 8,
        },
      ]
    }
  >
    It took to long to receive information, please check your network connection and retry
  </Text>
  <View
    accessible={true}
    focusable={true}
    isTVSelectable={true}
    onClick={[Function]}
    onResponderGrant={[Function]}
    onResponderMove={[Function]}
    onResponderRelease={[Function]}
    onResponderTerminate={[Function]}
    onResponderTerminationRequest={[Function]}
    onStartShouldSetResponder={[Function]}
    style={
      Object {
        "alignItems": "center",
        "backgroundColor": "#B35340",
        "borderRadius": 4,
        "display": "flex",
        "flexDirection": "row",
        "justifyContent": "center",
        "opacity": 1,
        "padding": 16,
      }
    }
  >
    <Text
      style={
        Array [
          Object {
            "textAlign": "center",
          },
          Object {
            "fontSize": 24,
          },
          Object {
            "color": "#fff",
          },
          Array [
            Object {
              "color": "#fff",
            },
          ],
        ]
      }
    >
      Retry
    </Text>
  </View>
</View>
`;
