// Jest Snapshot v1, https://goo.gl/fbAQLP

exports[`ProductView renders correctly 1`] = `
<View
  style={
    Array [
      Object {
        "flex": 1,
      },
    ]
  }
>
  <RCTScrollView
    style={
      Array [
        Object {
          "backgroundColor": "#fff",
        },
        Object {
          "flex": 1,
        },
      ]
    }
  >
    <View>
      <Image
        resizeMode="contain"
        source={
          Object {
            "uri": "",
          }
        }
        style={
          Array [
            Object {
              "height": 224,
            },
            Object {
              "backgroundColor": "#edf2f7",
            },
          ]
        }
      />
      <View
        style={
          Array [
            Object {
              "padding": 32,
            },
          ]
        }
      >
        <Text
          style={
            Array [
              Object {
                "fontSize": 18,
              },
              Object {
                "marginBottom": 32,
              },
            ]
          }
        >
          
        </Text>
        <Text>
          
        </Text>
        <Text
          style={
            Array [
              Object {
                "fontWeight": "bold",
              },
              Object {
                "marginTop": 32,
              },
            ]
          }
        >
          Ingredients
        </Text>
        <Text>
          -
        </Text>
        <Text
          style={
            Array [
              Object {
                "fontWeight": "bold",
              },
              Object {
                "marginTop": 32,
              },
            ]
          }
        >
          Allergens
        </Text>
        <Text
          style={
            Array [
              Object {
                "fontWeight": "bold",
              },
              Object {
                "marginTop": 32,
              },
            ]
          }
        >
          Origin
        </Text>
        <Text>
          
        </Text>
        <View
          style={
            Array [
              Object {
                "height": 160,
              },
            ]
          }
        />
      </View>
    </View>
  </RCTScrollView>
</View>
`;
